// Jest Snapshot v1, https://goo.gl/fbAQLP

exports[`calcTime a few seconds ago 1`] = `"a few seconds ago"`;

exports[`sliceData5 & sliceData10 should slice data correctly value 1`] = `"0xB5...8D34"`;
